{
    "releases": [
        {
            "name": "edge",
            "pretty_name": "edge (unstable)",
            "devices": [
                {
                    "name": "nokia-n900",
                    "pretty_name": "Nokia N900",
                    "interfaces": [
                        {
                            "name": "i3wm",
                            "pretty_name": "i3",
                            "images": [
                                {
                                    "name": "first.txt",
                                    "timestamp": "2021-01-01T00:00:00",
                                    "size": 1337,
                                    "url": "https://images.postmarketos.org/bpo/edge/nokia-n900/i3wm/20210101-0000/first.txt"
                                },
                                {
                                    "name": "second.txt",
                                    "timestamp": "2021-01-01T00:00:00",
                                    "size": 1337,
                                    "url": "https://images.postmarketos.org/bpo/edge/nokia-n900/i3wm/20210101-0000/second.txt"
                                },
                                {
                                    "name": "third.txt",
                                    "timestamp": "2021-01-01T00:00:00",
                                    "size": 1337,
                                    "url": "https://images.postmarketos.org/bpo/edge/nokia-n900/i3wm/20210101-0000/third.txt"
                                },
                                {
                                    "name": "first.txt",
                                    "timestamp": "2021-01-02T00:00:00",
                                    "size": 1337,
                                    "url": "https://images.postmarketos.org/bpo/edge/nokia-n900/i3wm/20210102-0000/first.txt"
                                }
                            ]
                        },
                        {
                            "name": "xfce4",
                            "pretty_name": "XFCE4",
                            "images": [
                                {
                                    "name": "first.txt",
                                    "timestamp": "2021-01-02T00:00:00",
                                    "size": 1337,
                                    "url": "https://images.postmarketos.org/bpo/edge/nokia-n900/xfce4/20210102-0000/first.txt"
                                }
                            ]
                        }
                    ]
                },
                {
                    "name": "pine64-pinephone",
                    "pretty_name": "PINE64 PinePhone",
                    "interfaces": [
                        {
                            "name": "sxmo-de-sway",
                            "pretty_name": "Sxmo (Sway)",
                            "images": [
                                {
                                    "name": "first.txt",
                                    "timestamp": "2021-01-02T00:00:00",
                                    "size": 1337,
                                    "url": "https://images.postmarketos.org/bpo/edge/pine64-pinephone/sxmo-de-sway/20210102-0000/first.txt"
                                }
                            ]
                        }
                    ]
                }
            ]
        },
        {
            "name": "v21.06",
            "pretty_name": "v21.06 (end of life)",
            "devices": [
                {
                    "name": "pine64-pinephone",
                    "pretty_name": "PINE64 PinePhone",
                    "interfaces": [
                        {
                            "name": "sxmo-de-sway",
                            "pretty_name": "Sxmo (Sway)",
                            "images": [
                                {
                                    "name": "first.txt",
                                    "timestamp": "2021-01-02T00:00:00",
                                    "size": 1337,
                                    "url": "https://images.postmarketos.org/bpo/v21.06/pine64-pinephone/sxmo-de-sway/20210102-0000/first.txt"
                                }
                            ]
                        }
                    ]
                }
            ]
        },
        {
            "name": "v23.06",
            "pretty_name": "v23.06",
            "devices": [
                {
                    "name": "pine64-pinephone",
                    "pretty_name": "PINE64 PinePhone",
                    "interfaces": [
                        {
                            "name": "sxmo-de-sway",
                            "pretty_name": "Sxmo (Sway)",
                            "images": [
                                {
                                    "name": "first.txt",
                                    "timestamp": "2021-01-02T00:00:00",
                                    "size": 1337,
                                    "url": "https://images.postmarketos.org/bpo/v23.06/pine64-pinephone/sxmo-de-sway/20210102-0000/first.txt"
                                }
                            ]
                        }
                    ]
                }
            ]
        },
        {
            "name": "v23.12",
            "pretty_name": "v23.12 (work in progress)",
            "devices": [
                {
                    "name": "pine64-pinephone",
                    "pretty_name": "PINE64 PinePhone",
                    "interfaces": [
                        {
                            "name": "sxmo-de-sway",
                            "pretty_name": "Sxmo (Sway)",
                            "images": [
                                {
                                    "name": "first.txt",
                                    "timestamp": "2021-01-02T00:00:00",
                                    "size": 1337,
                                    "url": "https://images.postmarketos.org/bpo/v23.12/pine64-pinephone/sxmo-de-sway/20210102-0000/first.txt"
                                }
                            ]
                        }
                    ]
                }
            ]
        }
    ]
}
